// Jest Snapshot v1, https://goo.gl/fbAQLP

exports[`Issues component should render a component with props as specified  1`] = `
<Card
  id="thinlines"
>
  <CardContent
    id="card-height"
  >
    <CardHeader
      className="ui center aligned"
      id="title"
    >
      No Issues!
    </CardHeader>
  </CardContent>
</Card>
`;
