// Jest Snapshot v1, https://goo.gl/fbAQLP

exports[`Milestones component should render a component with props as specified  1`] = `
<Card
  className="thinlines"
>
  <CardContent
    className="card-height"
  >
    <CardHeader
      className="ui center aligned"
      id="title"
    >
      No Milestones!
    </CardHeader>
  </CardContent>
</Card>
`;
