// Jest Snapshot v1, https://goo.gl/fbAQLP

exports[`Milestone entry component should render a component with props as specified  1`] = `
<CardContent
  id="thinline"
>
  <List
    divided={true}
    relaxed={true}
  >
    <ListItem>
      <ListContent
        className="ui center aligned"
      >
        <ListHeader
          id="readable"
        >
          sprint 1
        </ListHeader>
        <div>
          <Header
            id="space-milestones"
            sub={true}
          >
            Date Due: 
          </Header>
          06/23/2018
        </div>
        <Header
          id="space-milestones"
          sub={true}
        >
          Percent Complete: 
        </Header>
        <Wrapper
          duration={2000}
          milestoneId={2601714}
          percentComplete={0.4}
        />
      </ListContent>
    </ListItem>
  </List>
</CardContent>
`;
